------------------------------------------------------------
TimeQuest Timing Analyzer Summary
------------------------------------------------------------

Type  : Slow Model Setup 'CLOCK_50'
Slack : -4.129
TNS   : -418.373

Type  : Slow Model Setup 'teclado:tec|controlador:U0|Debouncer:d0|State'
Slack : -0.182
TNS   : -0.182

Type  : Slow Model Hold 'CLOCK_50'
Slack : -2.523
TNS   : -24.023

Type  : Slow Model Hold 'teclado:tec|controlador:U0|Debouncer:d0|State'
Slack : -0.266
TNS   : -0.530

Type  : Slow Model Minimum Pulse Width 'CLOCK_50'
Slack : -1.380
TNS   : -129.380

Type  : Slow Model Minimum Pulse Width 'teclado:tec|controlador:U0|Debouncer:d0|State'
Slack : -0.500
TNS   : -2.000

Type  : Fast Model Setup 'CLOCK_50'
Slack : -1.478
TNS   : -137.933

Type  : Fast Model Setup 'teclado:tec|controlador:U0|Debouncer:d0|State'
Slack : 0.458
TNS   : 0.000

Type  : Fast Model Hold 'CLOCK_50'
Slack : -1.568
TNS   : -27.532

Type  : Fast Model Hold 'teclado:tec|controlador:U0|Debouncer:d0|State'
Slack : -0.049
TNS   : -0.089

Type  : Fast Model Minimum Pulse Width 'CLOCK_50'
Slack : -1.380
TNS   : -129.380

Type  : Fast Model Minimum Pulse Width 'teclado:tec|controlador:U0|Debouncer:d0|State'
Slack : -0.500
TNS   : -2.000

------------------------------------------------------------
